// Jest Snapshot v1, https://goo.gl/fbAQLP

exports[`should take a snapshot 1`] = `
<body>
  <div>
    <div
      class="main-container"
      data-testid="main-container"
    >
      <div
        class="row justify-content-center"
      >
        <div
          class="col-lg-6"
        >
          <div
            class="text-left"
          />
        </div>
      </div>
    </div>
  </div>
</body>
`;
