// Jest Snapshot v1, https://goo.gl/fbAQLP

exports[`should take a snapshot 1`] = `
<body>
  <div>
    <ul
      class="list-group"
      data-testid="list"
    >
      <li
        class="list-group-item"
        data-testid="list-item"
      >
        item1
      </li>
      <li
        class="list-group-item"
        data-testid="list-item"
      >
        item2
      </li>
      <li
        class="list-group-item"
        data-testid="list-item"
      >
        item3
      </li>
    </ul>
  </div>
</body>
`;
